Transferring V5 to download channel



         _+=+_
      .-`  .  `-.          8888888b.  8888888b.   .d88888b.   .d8888b.
   _+`     "     `+_       888   Y88b 888   Y88b d88P" "Y88b d88P  Y88b
  \\\sssssssssssss///      888    888 888    888 888     888 Y88b.
     .ss\  *  /ss.         888   d88P 888   d88P 888     888  "Y888b.
 .+bm  .s  *  s.  md+.     8888888P"  8888888P"  888     888     "Y88b.
.hMMMMs .  *  . sMMMMh.    888        888 T88b   888     888       "888
 `\hMMMb \ | / dMMMh:      888        888  T88b  Y88b. .d88P Y88b  d88P
   -SNMNo  -  oNMNs-       888        888   T88b  "Y88888P"   "Y8888P"
     `+dMh\./dMd/
        `:yNy:`                      Powered by PROS for VEX V5
           "                Copyright (c) Purdue University ACM SIGBots
Version:        4.1.0     Platform:  V1.1.4 (b19)     Uptime:    0.000 s
Compiled:   Oct 21 2024 19:09:13     Directory:                        


{"currL": 0.00, "currR": 0.00, "currS": 0.00, "currAngle": inf, "dL": 0.00, "dR": 0.00, "dS": 0.00, "dAngle": inf, "dX": nan, "dY": nan, "r": nan, "theta": nan, "odomX": nan, "odomY": nan}
{"currL": 0.00, "currR": 0.00, "currS": 0.00, "currAngle": inf, "dL": 0.00, "dR": 0.00, "dS": 0.00, "dAngle": nan, "dX": nan, "dY": nan, "r": nan, "theta": nan, "odomX": nan, "odomY": nan}
{"currL": 0.00, "currR": 0.00, "currS": 0.00, "currAngle": inf, "dL": 0.00, "dR": 0.00, "dS": 0.00, "dAngle": nan, "dX": nan, "dY": nan, "r": nan, "theta": nan, "odomX": nan, "odomY": nan}
{"currL": 0.00, "currR": 0.00, "currS": 0.00, "currAngle": inf, "dL": 0.00, "dR": 0.00, "dS": 0.00, "dAngle": nan, "dX": nan, "dY": nan, "r": nan, "theta": nan, "odomX": nan, "odomY": nan}
{"currL": 0.00, "currR": 0.00, "currS": 0.00, "currAngle": inf, "dL": 0.00, "dR": 0.00, "dS": 0.00, "dAngle": nan, "dX": nan, "dY": nan, "r": nan, "theta": nan, "odomX": nan, "odomY": nan}
{"currL": 0.00, "currR": 0.00, "currS": 0.00, "currAngle": inf, "dL": 0.00, "dR": 0.00, "dS": 0.00, "dAngle": nan, "dX": nan, "dY": nan, "r": nan, "theta": nan, "odomX": nan, "odomY": nan}
{"currL": 0.00, "currR": 0.00, "currS": 0.00, "currAngle": inf, "dL": 0.00, "dR": 0.00, "dS": 0.00, "dAngle": nan, "dX": nan, "dY": nan, "r": nan, "theta": nan, "odomX": nan, "odomY": nan}
{"currL": 0.00, "currR": 0.00, "currS": 0.00, "currAngle": inf, "dL": 0.00, "dR": 0.00, "dS": 0.00, "dAngle": nan, "dX": nan, "dY": nan, "r": nan, "theta": nan, "odomX": nan, "odomY": nan}
{"currL": 0.00, "currR": 0.00, "currS": 0.00, "currAngle": inf, "dL": 0.00, "dR": 0.00, "dS": 0.00, "dAngle": nan, "dX": nan, "dY": nan, "r": nan, "theta": nan, "odomX": nan, "odomY": nan}
{"currL": 0.00, "currR": 0.00, "currS": 0.00, "currAngle": inf, "dL": 0.00, "dR": 0.00, "dS": 0.00, "dAngle": nan, "dX": nan, "dY": nan, "r": nan, "theta": nan, "odomX": nan, "odomY": nan}
{"currL": 0.00, "currR": 0.00, "currS": 0.00, "currAngle": inf, "dL": 0.00, "dR": 0.00, "dS": 0.00, "dAngle": nan, "dX": nan, "dY": nan, "r": nan, "theta": nan, "odomX": nan, "odomY": nan}
{"currL": 0.00, "currR": 0.00, "currS": 0.00, "currAngle": inf, "dL": 0.00, "dR": 0.00, "dS": 0.00, "dAngle": nan, "dX": nan, "dY": nan, "r": nan, "theta": nan, "odomX": nan, "odomY": nan}
{"currL": 0.00, "currR": 0.00, "currS": 0.00, "currAngle": inf, "dL": 0.00, "dR": 0.00, "dS": 0.00, "dAngle": nan, "dX": nan, "dY": nan, "r": nan, "theta": nan, "odomX": nan, "odomY": nan}
{"currL": 0.00, "currR": 0.00, "currS": 0.00, "currAngle": inf, "dL": 0.00, "dR": 0.00, "dS": 0.00, "dAngle": nan, "dX": nan, "dY": nan, "r": nan, "theta": nan, "odomX": nan, "odomY": nan}
[RiptideIV] Initialization Complete.
{"currL": 0.00, "currR": 0.00, "currS": 0.00, "currAngle": -0.00, "dL": 0.00, "dR": 0.00, "dS": 0.00, "dAngle": -0.00, "dX": 0.00, "dY": 0.00, "r": 0.00, "theta": 0.00, "odomX": 0.00, "odomY": 0.00}
{"currL": 0.00, "currR": 0.00, "currS": 0.00, "currAngle": -0.00, "dL": 0.00, "dR": 0.00, "dS": 0.00, "dAngle": 0.00, "dX": 0.00, "dY": 0.00, "r": 0.00, "theta": 0.00, "odomX": 0.00, "odomY": 0.00}
{"currL": 0.00, "currR": 0.00, "currS": 0.00, "currAngle": -0.00, "dL": 0.00, "dR": 0.00, "dS": 0.00, "dAngle": 0.00, "dX": 0.00, "dY": 0.00, "r": 0.00, "theta": 0.00, "odomX": 0.00, "odomY": 0.00}
{"currL": 0.00, "currR": 0.00, "currS": 0.00, "currAngle": -0.00, "dL": 0.00, "dR": 0.00, "dS": 0.00, "dAngle": 0.00, "dX": 0.00, "dY": 0.00, "r": 0.00, "theta": 0.00, "odomX": 0.00, "odomY": 0.00}
{"currL": 0.00, "currR": 0.00, "currS": 0.00, "currAngle": -0.00, "dL": 0.00, "dR": 0.00, "dS": 0.00, "dAngle": -0.00, "dX": 0.00, "dY": 0.00, "r": 0.00, "theta": 0.00, "odomX": 0.00, "odomY": 0.00}
{"currL": 0.00, "currR": 0.00, "currS": 0.00, "currAngle": -0.00, "dL": 0.00, "dR": 0.00, "dS": 0.00, "dAngle": -0.00, "dX": 0.00, "dY": 0.00, "r": 0.00, "theta": 0.00, "odomX": 0.00, "odomY": 0.00}
{"currL": 0.00, "currR": 0.00, "currS": 0.00, "currAngle": -0.00, "dL": 0.00, "dR": 0.00, "dS": 0.00, "dAngle": 0.00, "dX": 0.00, "dY": 0.00, "r": 0.00, "theta": 0.00, "odomX": 0.00, "odomY": 0.00}
{"currL": 0.00, "currR": 0.00, "currS": 0.00, "currAngle": -0.00, "dL": 0.00, "dR": 0.00, "dS": 0.00, "dAngle": -0.00, "dX": 0.00, "dY": 0.00, "r": 0.00, "theta": 0.00, "odomX": 0.00, "odomY": 0.00}
{"currL": 0.00, "currR": 0.00, "currS": 0.00, "currAngle": -0.00, "dL": 0.00, "dR": 0.00, "dS": 0.00, "dAngle": -0.00, "dX": 0.00, "dY": 0.00, "r": 0.00, "theta": 0.00, "odomX": 0.00, "odomY": 0.00}
{"currL": 0.00, "currR": 0.00, "currS": 0.00, "currAngle": -0.00, "dL": 0.00, "dR": 0.00, "dS": 0.00, "dAngle": -0.00, "dX": 0.00, "dY": 0.00, "r": 0.00, "theta": 0.00, "odomX": 0.00, "odomY": 0.00}
{"currL": 0.00, "currR": 0.00, "currS": 0.00, "currAngle": -0.00, "dL": 0.00, "dR": 0.00, "dS": 0.00, "dAngle": -0.00, "dX": 0.00, "dY": 0.00, "r": 0.00, "theta": 0.00, "odomX": 0.00, "odomY": 0.00}
{"currL": 0.00, "currR": 0.00, "currS": 0.00, "currAngle": -0.00, "dL": 0.00, "dR": 0.00, "dS": 0.00, "dAngle": -0.00, "dX": 0.00, "dY": 0.00, "r": 0.00, "theta": 0.00, "odomX": 0.00, "odomY": 0.00}
{"currL": 0.00, "currR": 0.00, "currS": 0.00, "currAngle": -0.00, "dL": 0.00, "dR": 0.00, "dS": 0.00, "dAngle": -0.00, "dX": 0.00, "dY": 0.00, "r": 0.00, "theta": 0.00, "odomX": 0.00, "odomY": 0.00}
{"currL": 0.00, "currR": 0.00, "currS": 0.00, "currAngle": -0.00, "dL": 0.00, "dR": 0.00, "dS": 0.00, "dAngle": 0.00, "dX": 0.00, "dY": 0.00, "r": 0.00, "theta": 0.00, "odomX": 0.00, "odomY": 0.00}
{"currL": 0.00, "currR": 0.00, "currS": 0.00, "currAngle": -0.00, "dL": 0.00, "dR": 0.00, "dS": 0.00, "dAngle": -0.00, "dX": 0.00, "dY": 0.00, "r": 0.00, "theta": 0.00, "odomX": 0.00, "odomY": 0.00}
{"currL": 0.00, "currR": 0.00, "currS": 0.00, "currAngle": -0.00, "dL": 0.00, "dR": 0.00, "dS": 0.00, "dAngle": -0.00, "dX": 0.00, "dY": 0.00, "r": 0.00, "theta": 0.00, "odomX": 0.00, "odomY": 0.00}
{"currL": 0.00, "currR": 0.00, "currS": 0.00, "currAngle": -0.00, "dL": 0.00, "dR": 0.00, "dS": 0.00, "dAngle": -0.00, "dX": 0.00, "dY": 0.00, "r": 0.00, "theta": 0.00, "odomX": 0.00, "odomY": 0.00}
{"currL": 0.00, "currR": 0.00, "currS": 0.00, "currAngle": -0.00, "dL": 0.00, "dR": 0.00, "dS": 0.00, "dAngle": -0.00, "dX": 0.00, "dY": 0.00, "r": 0.00, "theta": 0.00, "odomX": 0.00, "odomY": 0.00}
{"currL": 0.00, "currR": 0.00, "currS": 0.00, "currAngle": -0.00, "dL": 0.00, "dR": 0.00, "dS": 0.00, "dAngle": -0.00, "dX": 0.00, "dY": 0.00, "r": 0.00, "theta": 0.00, "odomX": 0.00, "odomY": 0.00}
{"currL": 0.00, "currR": 0.00, "currS": 0.00, "currAngle": -0.00, "dL": 0.00, "dR": 0.00, "dS": 0.00, "dAngle": -0.00, "dX": 0.00, "dY": 0.00, "r": 0.00, "theta": 0.00, "odomX": 0.00, "odomY": 0.00}
{"currL": 0.00, "currR": 0.00, "currS": 0.00, "currAngle": -0.00, "dL": 0.00, "dR": 0.00, "dS": 0.00, "dAngle": -0.00, "dX": 0.00, "dY": 0.00, "r": 0.00, "theta": 0.00, "odomX": 0.00, "odomY": 0.00}
{"currL": 0.00, "currR": 0.00, "currS": 0.00, "currAngle": -0.00, "dL": 0.00, "dR": 0.00, "dS": 0.00, "dAngle": 0.00, "dX": 0.00, "dY": 0.00, "r": 0.00, "theta": 0.00, "odomX": 0.00, "odomY": 0.00}
{"currL": 0.00, "currR": 0.00, "currS": 0.00, "currAngle": -0.00, "dL": 0.00, "dR": 0.00, "dS": 0.00, "dAngle": -0.00, "dX": 0.00, "dY": 0.00, "r": 0.00, "theta": 0.00, "odomX": 0.00, "odomY": 0.00}
{"currL": 0.00, "currR": 0.00, "currS": 0.00, "currAngle": -0.00, "dL": 0.00, "dR": 0.00, "dS": 0.00, "dAngle": 0.00, "dX": 0.00, "dY": 0.00, "r": 0.00, "theta": 0.00, "odomX": 0.00, "odomY": 0.00}
{"currL": 0.00, "currR": 0.00, "currS": 0.00, "currAngle": -0.00, "dL": 0.00, "dR": 0.00, "dS": 0.00, "dAngle": -0.00, "dX": 0.00, "dY": 0.00, "r": 0.00, "theta": 0.00, "odomX": 0.00, "odomY": 0.00}
{"currL": 0.00, "currR": 0.00, "currS": 0.00, "currAngle": -0.00, "dL": 0.00, "dR": 0.00, "dS": 0.00, "dAngle": -0.00, "dX": 0.00, "dY": 0.00, "r": 0.00, "theta": 0.00, "odomX": 0.00, "odomY": 0.00}
{"currL": 0.00, "currR": 0.00, "currS": 0.00, "currAngle": -0.00, "dL": 0.00, "dR": 0.00, "dS": 0.00, "dAngle": -0.00, "dX": 0.00, "dY": 0.00, "r": 0.00, "theta": 0.00, "odomX": 0.00, "odomY": 0.00}
{"currL": 0.00, "currR": 0.00, "currS": 0.00, "currAngle": -0.00, "dL": 0.00, "dR": 0.00, "dS": 0.00, "dAngle": 0.00, "dX": 0.00, "dY": 0.00, "r": 0.00, "theta": 0.00, "odomX": 0.00, "odomY": 0.00}
{"currL": 0.00, "currR": 0.00, "currS": 0.00, "currAngle": -0.00, "dL": 0.00, "dR": 0.00, "dS": 0.00, "dAngle": -0.00, "dX": 0.00, "dY": 0.00, "r": 0.00, "theta": 0.00, "odomX": 0.00, "odomY": 0.00}
{"currL": 0.00, "currR": 0.00, "currS": 0.00, "currAngle": -0.00, "dL": 0.00, "dR": 0.00, "dS": 0.00, "dAngle": -0.00, "dX": 0.00, "dY": 0.00, "r": 0.00, "theta": 0.00, "odomX": 0.00, "odomY": 0.00}
{"currL": 0.00, "currR": 0.00, "currS": 0.00, "currAngle": -0.00, "dL": 0.00, "dR": 0.00, "dS": 0.00, "dAngle": 0.00, "dX": 0.00, "dY": 0.00, "r": 0.00, "theta": 0.00, "odomX": 0.00, "odomY": 0.00}
{"currL": 0.00, "currR": 0.00, "currS": 0.00, "currAngle": -0.00, "dL": 0.00, "dR": 0.00, "dS": 0.00, "dAngle": -0.00, "dX": 0.00, "dY": 0.00, "r": 0.00, "theta": 0.00, "odomX": 0.00, "odomY": 0.00}
{"currL": 0.00, "currR": 0.00, "currS": 0.00, "currAngle": -0.00, "dL": 0.00, "dR": 0.00, "dS": 0.00, "dAngle": 0.00, "dX": 0.00, "dY": 0.00, "r": 0.00, "theta": 0.00, "odomX": 0.00, "odomY": 0.00}
{"currL": 0.00, "currR": 0.00, "currS": 0.00, "currAngle": -0.00, "dL": 0.00, "dR": 0.00, "dS": 0.00, "dAngle": -0.00, "dX": 0.00, "dY": 0.00, "r": 0.00, "theta": 0.00, "odomX": 0.00, "odomY": 0.00}
{"currL": 0.13, "currR": 0.27, "currS": 0.00, "currAngle": -0.00, "dL": 0.00, "dR": 0.13, "dS": 0.00, "dAngle": 0.00, "dX": 0.00, "dY": 0.13, "r": 0.13, "theta": 1.57, "odomX": -0.00, "odomY": 0.27}
{"currL": 13.20, "currR": 10.67, "currS": 0.00, "currAngle": 0.03, "dL": 1.33, "dR": 1.20, "dS": 0.00, "dAngle": 0.00, "dX": 0.00, "dY": 1.20, "r": 1.20, "theta": 1.54, "odomX": 0.16, "odomY": 10.67}
{"currL": 36.93, "currR": 27.47, "currS": -0.53, "currAngle": 0.06, "dL": 1.60, "dR": 1.20, "dS": 0.00, "dAngle": 0.00, "dX": 0.00, "dY": 1.20, "r": 1.20, "theta": 1.51, "odomX": 0.47, "odomY": 27.47}
{"currL": 64.13, "currR": 51.20, "currS": -1.06, "currAngle": 0.08, "dL": 1.60, "dR": 1.73, "dS": 0.00, "dAngle": 0.00, "dX": 0.00, "dY": 1.73, "r": 1.73, "theta": 1.49, "odomX": 1.75, "odomY": 51.17}
{"currL": 91.47, "currR": 78.80, "currS": -1.14, "currAngle": 0.08, "dL": 1.73, "dR": 2.00, "dS": 0.00, "dAngle": -0.00, "dX": 0.00, "dY": 2.00, "r": 2.00, "theta": 1.49, "odomX": 3.96, "odomY": 78.69}
{"currL": 117.47, "currR": 105.87, "currS": -1.41, "currAngle": 0.08, "dL": 1.73, "dR": 1.87, "dS": 0.00, "dAngle": -0.00, "dX": 0.00, "dY": 1.87, "r": 1.87, "theta": 1.49, "odomX": 5.84, "odomY": 105.69}
{"currL": 140.93, "currR": 129.33, "currS": -1.58, "currAngle": 0.08, "dL": 1.33, "dR": 1.33, "dS": 0.00, "dAngle": -0.00, "dX": 0.00, "dY": 1.33, "r": 1.33, "theta": 1.50, "odomX": 7.47, "odomY": 129.10}
{"currL": 160.53, "currR": 148.93, "currS": -1.58, "currAngle": 0.08, "dL": 0.93, "dR": 1.07, "dS": 0.00, "dAngle": 0.00, "dX": 0.00, "dY": 1.07, "r": 1.07, "theta": 1.49, "odomX": 8.95, "odomY": 148.64}
{"currL": 174.00, "currR": 161.60, "currS": -1.58, "currAngle": 0.08, "dL": 0.67, "dR": 0.67, "dS": 0.00, "dAngle": 0.00, "dX": 0.00, "dY": 0.67, "r": 0.67, "theta": 1.49, "odomX": 9.94, "odomY": 161.27}
{"currL": 179.73, "currR": 165.60, "currS": -1.85, "currAngle": 0.09, "dL": 0.13, "dR": 0.00, "dS": 0.00, "dAngle": 0.00, "dX": 0.00, "dY": 0.00, "r": 0.00, "theta": -0.09, "odomX": 10.01, "odomY": 165.28}
{"currL": 180.27, "currR": 165.47, "currS": -2.11, "currAngle": 0.09, "dL": 0.00, "dR": 0.00, "dS": 0.00, "dAngle": -0.00, "dX": 0.00, "dY": 0.00, "r": 0.00, "theta": -0.09, "odomX": 9.74, "odomY": 165.17}
{"currL": 180.27, "currR": 165.47, "currS": -2.11, "currAngle": 0.09, "dL": 0.00, "dR": 0.00, "dS": 0.00, "dAngle": -0.00, "dX": 0.00, "dY": 0.00, "r": 0.00, "theta": -0.09, "odomX": 9.74, "odomY": 165.17}
{"currL": 180.13, "currR": 165.47, "currS": -2.11, "currAngle": 0.09, "dL": -0.13, "dR": 0.00, "dS": 0.00, "dAngle": -0.00, "dX": 0.00, "dY": 0.00, "r": 0.00, "theta": -0.09, "odomX": 9.74, "odomY": 165.17}
{"currL": 180.13, "currR": 165.47, "currS": -2.11, "currAngle": 0.09, "dL": 0.00, "dR": 0.00, "dS": 0.00, "dAngle": 0.00, "dX": 0.00, "dY": 0.00, "r": 0.00, "theta": -0.09, "odomX": 9.74, "odomY": 165.17}
{"currL": 180.27, "currR": 165.33, "currS": 1.84, "currAngle": 0.10, "dL": 0.00, "dR": 0.00, "dS": 1.75, "dAngle": 0.00, "dX": 1.75, "dY": 0.00, "r": 1.75, "theta": -0.10, "odomX": 13.65, "odomY": 164.65}
{"currL": 180.40, "currR": 165.33, "currS": 25.40, "currAngle": 0.11, "dL": 0.00, "dR": 0.00, "dS": 0.00, "dAngle": 0.00, "dX": 0.00, "dY": 0.00, "r": 0.00, "theta": -0.11, "odomX": 37.08, "odomY": 162.12}
{"currL": 180.53, "currR": 164.80, "currS": 88.77, "currAngle": 0.12, "dL": 0.00, "dR": 0.00, "dS": 9.32, "dAngle": -0.00, "dX": 9.32, "dY": 0.00, "r": 9.32, "theta": -0.12, "odomX": 99.93, "odomY": 153.99}
{"currL": 180.53, "currR": 164.80, "currS": 157.41, "currAngle": 0.12, "dL": 0.00, "dR": 0.00, "dS": 0.00, "dAngle": -0.00, "dX": 0.00, "dY": 0.00, "r": 0.00, "theta": -0.12, "odomX": 168.09, "odomY": 145.89}
{"currL": 180.53, "currR": 164.80, "currS": 226.49, "currAngle": 0.11, "dL": 0.00, "dR": 0.00, "dS": 6.59, "dAngle": -0.00, "dX": 6.59, "dY": 0.00, "r": 6.59, "theta": -0.11, "odomX": 236.71, "odomY": 137.95}
{"currL": 180.53, "currR": 164.80, "currS": 266.04, "currAngle": 0.11, "dL": 0.00, "dR": 0.00, "dS": 0.00, "dAngle": -0.00, "dX": 0.00, "dY": 0.00, "r": 0.00, "theta": -0.11, "odomX": 276.01, "odomY": 133.53}
{"currL": 180.40, "currR": 164.80, "currS": 280.46, "currAngle": 0.11, "dL": 0.00, "dR": 0.00, "dS": 0.00, "dAngle": -0.00, "dX": 0.00, "dY": 0.00, "r": 0.00, "theta": -0.11, "odomX": 290.35, "odomY": 131.97}
{"currL": 180.40, "currR": 164.80, "currS": 280.46, "currAngle": 0.11, "dL": 0.00, "dR": 0.00, "dS": 0.00, "dAngle": -0.00, "dX": 0.00, "dY": 0.00, "r": 0.00, "theta": -0.11, "odomX": 290.35, "odomY": 131.97}
{"currL": 180.40, "currR": 164.80, "currS": 262.09, "currAngle": 0.10, "dL": 0.00, "dR": 0.00, "dS": 0.00, "dAngle": -0.00, "dX": 0.00, "dY": 0.00, "r": 0.00, "theta": -0.10, "odomX": 272.07, "odomY": 133.85}
{"currL": 180.40, "currR": 165.07, "currS": 219.72, "currAngle": 0.08, "dL": 0.00, "dR": 0.13, "dS": -6.51, "dAngle": -0.00, "dX": -6.51, "dY": 0.13, "r": 6.51, "theta": 3.04, "odomX": 229.90, "odomY": 137.91}
{"currL": 180.40, "currR": 165.20, "currS": 166.73, "currAngle": 0.08, "dL": 0.00, "dR": 0.00, "dS": 0.00, "dAngle": 0.00, "dX": 0.00, "dY": 0.00, "r": 0.00, "theta": -0.08, "odomX": 177.10, "odomY": 142.40}
{"currL": 180.53, "currR": 165.47, "currS": 106.17, "currAngle": 0.08, "dL": 0.00, "dR": 0.00, "dS": -7.47, "dAngle": 0.00, "dX": -7.47, "dY": 0.00, "r": 7.47, "theta": 3.06, "odomX": 116.77, "odomY": 147.66}
{"currL": 180.53, "currR": 165.47, "currS": 53.70, "currAngle": 0.08, "dL": 0.00, "dR": 0.00, "dS": 0.00, "dAngle": 0.00, "dX": 0.00, "dY": 0.00, "r": 0.00, "theta": -0.08, "odomX": 64.47, "odomY": 151.98}
{"currL": 180.53, "currR": 165.47, "currS": -3.34, "currAngle": 0.08, "dL": 0.00, "dR": 0.00, "dS": -7.91, "dAngle": -0.00, "dX": -7.91, "dY": 0.00, "r": 7.91, "theta": 3.06, "odomX": 7.63, "odomY": 156.74}
{"currL": 180.53, "currR": 165.47, "currS": -53.70, "currAngle": 0.08, "dL": 0.00, "dR": 0.00, "dS": 0.00, "dAngle": 0.00, "dX": 0.00, "dY": 0.00, "r": 0.00, "theta": -0.08, "odomX": -42.56, "odomY": 160.89}
{"currL": 180.53, "currR": 165.60, "currS": -112.06, "currAngle": 0.08, "dL": 0.00, "dR": 0.00, "dS": -6.94, "dAngle": 0.00, "dX": -6.94, "dY": 0.00, "r": 6.94, "theta": 3.06, "odomX": -100.70, "odomY": 165.88}
{"currL": 180.93, "currR": 165.87, "currS": -151.09, "currAngle": 0.09, "dL": 0.00, "dR": 0.00, "dS": 0.00, "dAngle": -0.00, "dX": 0.00, "dY": 0.00, "r": 0.00, "theta": -0.09, "odomX": -139.57, "odomY": 169.43}
{"currL": 180.80, "currR": 165.87, "currS": -167.43, "currAngle": 0.08, "dL": 0.00, "dR": 0.00, "dS": -0.08, "dAngle": -0.00, "dX": -0.08, "dY": 0.00, "r": 0.08, "theta": 3.06, "odomX": -155.85, "odomY": 170.80}
{"currL": 180.40, "currR": 165.73, "currS": -152.84, "currAngle": 0.07, "dL": 0.00, "dR": 0.00, "dS": 0.00, "dAngle": -0.00, "dX": 0.00, "dY": 0.00, "r": 0.00, "theta": -0.07, "odomX": -141.31, "odomY": 169.66}
{"currL": 180.13, "currR": 165.73, "currS": -114.00, "currAngle": 0.06, "dL": 0.00, "dR": 0.00, "dS": 5.45, "dAngle": 0.00, "dX": 5.45, "dY": 0.00, "r": 5.45, "theta": -0.06, "odomX": -102.55, "odomY": 167.23}
{"currL": 180.13, "currR": 165.73, "currS": -73.74, "currAngle": 0.08, "dL": 0.00, "dR": 0.00, "dS": 0.00, "dAngle": 0.00, "dX": 0.00, "dY": 0.00, "r": 0.00, "theta": -0.08, "odomX": -62.38, "odomY": 164.52}
{"currL": 180.53, "currR": 165.73, "currS": -30.59, "currAngle": 0.08, "dL": 0.00, "dR": 0.00, "dS": 4.57, "dAngle": -0.00, "dX": 4.57, "dY": 0.00, "r": 4.57, "theta": -0.08, "odomX": -19.37, "odomY": 160.95}
{"currL": 180.53, "currR": 169.07, "currS": -10.11, "currAngle": 0.06, "dL": 0.00, "dR": 0.00, "dS": 0.00, "dAngle": -0.00, "dX": 0.00, "dY": 0.00, "r": 0.00, "theta": -0.06, "odomX": 1.29, "odomY": 162.77}
{"currL": 180.53, "currR": 169.73, "currS": -8.00, "currAngle": 0.06, "dL": 0.00, "dR": 0.00, "dS": 0.00, "dAngle": 0.00, "dX": 0.00, "dY": 0.00, "r": 0.00, "theta": -0.06, "odomX": 3.43, "odomY": 163.31}
{"currL": 180.53, "currR": 169.73, "currS": -7.30, "currAngle": 0.05, "dL": 0.00, "dR": 0.00, "dS": 0.00, "dAngle": -0.00, "dX": 0.00, "dY": 0.00, "r": 0.00, "theta": -0.05, "odomX": 4.13, "odomY": 163.27}
{"currL": 180.53, "currR": 169.73, "currS": -7.21, "currAngle": 0.05, "dL": 0.00, "dR": 0.00, "dS": 0.00, "dAngle": -0.00, "dX": 0.00, "dY": 0.00, "r": 0.00, "theta": -0.05, "odomX": 4.22, "odomY": 163.27}
{"currL": 180.53, "currR": 169.73, "currS": -7.21, "currAngle": 0.05, "dL": 0.00, "dR": 0.00, "dS": 0.00, "dAngle": 0.00, "dX": 0.00, "dY": 0.00, "r": 0.00, "theta": -0.05, "odomX": 4.22, "odomY": 163.27}
{"currL": 180.53, "currR": 169.73, "currS": -7.21, "currAngle": 0.05, "dL": 0.00, "dR": 0.00, "dS": 0.00, "dAngle": 0.00, "dX": 0.00, "dY": 0.00, "r": 0.00, "theta": -0.05, "odomX": 4.22, "odomY": 163.27}
{"currL": 180.53, "currR": 169.73, "currS": -7.21, "currAngle": 0.05, "dL": 0.00, "dR": 0.00, "dS": 0.00, "dAngle": -0.00, "dX": 0.00, "dY": 0.00, "r": 0.00, "theta": -0.05, "odomX": 4.22, "odomY": 163.27}
{"currL": 180.53, "currR": 169.73, "currS": -7.21, "currAngle": 0.05, "dL": 0.00, "dR": 0.00, "dS": 0.00, "dAngle": 0.00, "dX": 0.00, "dY": 0.00, "r": 0.00, "theta": -0.05, "odomX": 4.22, "odomY": 163.27}
{"currL": 180.53, "currR": 169.73, "currS": -7.21, "currAngle": 0.05, "dL": 0.00, "dR": 0.00, "dS": 0.00, "dAngle": -0.00, "dX": 0.00, "dY": 0.00, "r": 0.00, "theta": -0.05, "odomX": 4.22, "odomY": 163.27}
{"currL": 180.53, "currR": 169.73, "currS": -7.21, "currAngle": 0.05, "dL": 0.00, "dR": 0.00, "dS": 0.00, "dAngle": -0.00, "dX": 0.00, "dY": 0.00, "r": 0.00, "theta": -0.05, "odomX": 4.22, "odomY": 163.27}
WARNING - pros.serial.terminal.terminal:reader - Connection to /dev/cu.usbmodem2102 broken
WARNING - pros.serial.terminal.terminal:stop - Stopping terminal
We detected something went wrong! Do you want to send a report? [y/N]: 